=== [1/4] correctness gate: numerical suites + 72 goldens (JIT ~1 min cold) ===
Sun Aug 30 00:03:34 UTC 2026
........................................................................ [ 60%]
................................................                         [100%]
120 passed in 58.34s
=== [2/4] schedule replay: 14 chunks x 16 layer seeds (224 calls) ===
Sun Aug 30 00:04:34 UTC 2026
device : NVIDIA RTX PRO 6000 Blackwell Server Edition sm12.0 188 SMs, 94.4 GiB free
profile: d256-24x4-446k  cases_sha256=2621651e58b75ef1…
lanes  : preprocessing / core / inclusive  (cuda_events, warm-L2, eager)
plan   : 14 chunk(s) x 16 layer seed(s)
compiling kernel (JIT, ~1 min cold) ...

chunk layer   q_len  prefix   core ms    TF/s  quant ms   incl ms    GiB
------------------------------------------------------------------------
    0     0   32768       0     23.08   571.8     13.17     36.76   2.85
    0     1   32768       0     23.08   571.8     13.18     36.01   2.85
    0     2   32768       0     23.07   571.8     13.17     36.02   2.85
    0     3   32768       0     23.08   571.8     13.15     36.00   2.85
    0     4   32768       0     23.08   571.8     13.16     36.01   2.85
    0     5   32768       0     23.07   571.8     13.17     36.01   2.85
    0     6   32768       0     23.07   571.8     13.17     36.00   2.85
    0     7   32768       0     23.07   571.9     13.17     36.01   2.85
    0     8   32768       0     23.07   571.8     13.17     36.00   2.85
    0     9   32768       0     23.07   571.8     13.18     36.00   2.85
    0    10   32768       0     23.07   571.8     13.17     36.00   2.85
    0    11   32768       0     23.07   571.9     13.16     36.00   2.85
    0    12   32768       0     23.07   571.8     13.17     36.00   2.85
    0    13   32768       0     23.07   571.9     13.18     36.01   2.85
    0    14   32768       0     23.07   571.9     13.19     36.01   2.85
    0    15   32768       0     23.07   571.8     13.17     36.01   2.85
    1     0   32768   32768     67.00   590.8     16.96     83.65   3.04
    1     1   32768   32768     67.01   590.7     16.97     83.68   3.04
    1     2   32768   32768     67.00   590.8     16.97     83.68   3.04
    1     3   32768   32768     67.00   590.8     16.96     83.68   3.04
    1     4   32768   32768     67.01   590.7     16.96     83.68   3.04
    1     5   32768   32768     67.01   590.7     16.95     83.68   3.04
    1     6   32768   32768     67.01   590.7     16.97     83.67   3.04
    1     7   32768   32768     67.01   590.7     16.96     83.69   3.04
    1     8   32768   32768     67.01   590.7     16.96     83.68   3.04
    1     9   32768   32768     67.01   590.7     16.76     83.69   3.04
    1    10   32768   32768     67.02   590.7     16.96     83.68   3.04
    1    11   32768   32768     67.01   590.7     16.69     83.65   3.04
    1    12   32768   32768     67.01   590.7     16.71     83.66   3.04
    1    13   32768   32768     67.01   590.7     16.96     83.68   3.04
    1    14   32768   32768     67.01   590.7     16.70     83.68   3.04
    1    15   32768   32768     67.02   590.7     16.68     83.65   3.04
    2     0   32768   65536    111.13   593.6     20.43    131.41   3.23
    2     1   32768   65536    111.17   593.4     20.29    131.41   3.23
    2     2   32768   65536    111.20   593.2     20.30    131.45   3.23
    2     3   32768   65536    111.44   592.0     20.31    131.42   3.23
    2     4   32768   65536    111.83   589.9     20.29    131.41   3.23
    2     5   32768   65536    111.98   589.1     20.31    131.41   3.23
    2     6   32768   65536    111.98   589.2     20.29    131.42   3.23
    2     7   32768   65536    112.13   588.3     20.29    131.44   3.23
    2     8   32768   65536    112.17   588.1     20.31    131.41   3.23
    2     9   32768   65536    112.32   587.4     20.30    131.41   3.23
    2    10   32768   65536    112.15   588.3     20.30    131.41   3.23
    2    11   32768   65536    112.29   587.5     20.30    131.41   3.23
    2    12   32768   65536    112.24   587.8     20.30    131.43   3.23
    2    13   32768   65536    112.27   587.6     20.30    131.43   3.23
    2    14   32768   65536    112.42   586.8     20.30    131.42   3.23
    2    15   32768   65536    112.23   587.8     20.31    131.46   3.23
    3     0   32768   98304    157.23   587.4     24.07    179.07   3.42
    3     1   32768   98304    157.26   587.3     24.07    179.34   3.42
    3     2   32768   98304    157.38   586.9     24.04    179.05   3.42
    3     3   32768   98304    157.14   587.8     24.03    179.03   3.42
    3     4   32768   98304    157.24   587.4     24.04    179.03   3.42
    3     5   32768   98304    157.25   587.3     24.03    179.04   3.42
    3     6   32768   98304    157.46   586.6     24.03    179.44   3.42
    3     7   32768   98304    157.50   586.4     24.06    179.46   3.42
    3     8   32768   98304    157.38   586.9     24.05    179.08   3.42
    3     9   32768   98304    157.48   586.5     24.04    179.09   3.42
    3    10   32768   98304    157.51   586.4     24.04    179.15   3.42
    3    11   32768   98304    157.53   586.3     24.03    179.42   3.42
    3    12   32768   98304    157.54   586.3     24.05    179.03   3.42
    3    13   32768   98304    157.53   586.3     24.04    179.31   3.42
    3    14   32768   98304    157.64   585.9     24.05    179.28   3.42
    3    15   32768   98304    157.51   586.4     24.03    179.21   3.42
    4     0   32768  131072    201.98   587.9     27.75    226.85   3.60
    4     1   32768  131072    202.30   587.0     27.71    227.07   3.60
    4     2   32768  131072    202.12   587.5     27.70    226.67   3.60
    4     3   32768  131072    202.30   587.0     27.71    227.10   3.60
    4     4   32768  131072    202.31   587.0     27.72    227.13   3.60
    4     5   32768  131072    202.29   587.0     27.73    226.95   3.60
    4     6   32768  131072    202.28   587.0     27.71    226.95   3.60
    4     7   32768  131072    202.30   587.0     27.71    226.99   3.60
    4     8   32768  131072    202.37   586.8     27.70    227.21   3.60
    4     9   32768  131072    202.48   586.5     27.72    227.20   3.60
    4    10   32768  131072    202.30   587.0     27.70    227.18   3.60
    4    11   32768  131072    202.35   586.8     27.72    227.12   3.60
    4    12   32768  131072    202.46   586.5     27.73    227.08   3.60
    4    13   32768  131072    202.50   586.4     27.71    227.07   3.60
    4    14   32768  131072    202.32   586.9     27.71    227.07   3.60
    4    15   32768  131072    202.44   586.6     27.70    227.11   3.60
    5     0   32768  163840    247.08   587.4     31.34    274.84   3.79
    5     1   32768  163840    247.11   587.3     31.42    274.88   3.79
    5     2   32768  163840    247.19   587.1     31.41    275.20   3.79
    5     3   32768  163840    247.20   587.1     31.42    274.68   3.79
    5     4   32768  163840    247.18   587.2     31.37    275.28   3.79
    5     5   32768  163840    247.39   586.7     31.41    275.30   3.79
    5     6   32768  163840    247.10   587.4     31.42    275.20   3.79
    5     7   32768  163840    247.25   587.0     31.42    275.36   3.79
    5     8   32768  163840    247.36   586.7     31.41    275.12   3.79
    5     9   32768  163840    247.27   587.0     31.42    275.41   3.79
    5    10   32768  163840    247.14   587.3     31.39    275.32   3.79
    5    11   32768  163840    247.24   587.0     31.43    275.43   3.79
    5    12   32768  163840    247.33   586.8     31.41    275.23   3.79
    5    13   32768  163840    247.37   586.7     31.41    275.36   3.79
    5    14   32768  163840    247.23   587.1     31.41    275.43   3.79
    5    15   32768  163840    247.23   587.1     31.40    275.41   3.79
    6     0   32768  196608    291.81   587.8     35.15    323.24   3.98
    6     1   32768  196608    292.01   587.4     35.09    323.28   3.98
    6     2   32768  196608    292.04   587.3     35.06    323.28   3.98
    6     3   32768  196608    292.02   587.4     35.07    323.00   3.98
    6     4   32768  196608    292.07   587.3     35.06    323.18   3.98
    6     5   32768  196608    292.08   587.3     35.09    323.25   3.98
    6     6   32768  196608    292.05   587.3     35.08    322.89   3.98
    6     7   32768  196608    291.93   587.6     35.09    323.23   3.98
    6     8   32768  196608    292.04   587.3     35.07    323.31   3.98
    6     9   32768  196608    291.88   587.7     35.08    322.59   3.98
    6    10   32768  196608    291.87   587.7     35.05    322.78   3.98
    6    11   32768  196608    291.83   587.8     35.09    323.01   3.98
    6    12   32768  196608    291.78   587.9     35.10    322.90   3.98
    6    13   32768  196608    291.80   587.8     35.08    323.26   3.98
    6    14   32768  196608    291.95   587.5     35.09    323.11   3.98
    6    15   32768  196608    291.85   587.7     35.08    323.06   3.98
    7     0   32768  229376    336.79   587.7     38.75    371.47   4.17
    7     1   32768  229376    336.70   587.8     38.82    371.38   4.17
    7     2   32768  229376    336.82   587.6     38.80    371.09   4.17
    7     3   32768  229376    336.78   587.7     38.82    370.99   4.17
    7     4   32768  229376    336.50   588.1     38.81    371.09   4.17
    7     5   32768  229376    336.90   587.4     38.80    371.27   4.17
    7     6   32768  229376    336.91   587.4     38.82    371.27   4.17
    7     7   32768  229376    336.84   587.6     38.80    371.17   4.17
    7     8   32768  229376    336.50   588.1     38.82    371.37   4.17
    7     9   32768  229376    336.76   587.7     38.81    371.12   4.17
    7    10   32768  229376    336.64   587.9     38.83    371.30   4.17
    7    11   32768  229376    336.65   587.9     38.82    371.22   4.17
    7    12   32768  229376    336.71   587.8     38.80    371.32   4.17
    7    13   32768  229376    336.82   587.6     38.81    371.21   4.17
    7    14   32768  229376    336.76   587.7     38.81    371.29   4.17
    7    15   32768  229376    336.75   587.7     38.82    371.59   4.17
    8     0   32768  262144    381.05   588.6     42.28    419.88   4.36
    8     1   32768  262144    381.36   588.2     42.44    419.47   4.36
    8     2   32768  262144    381.51   587.9     42.47    419.92   4.36
    8     3   32768  262144    381.65   587.7     42.47    419.83   4.36
    8     4   32768  262144    381.60   587.8     42.46    419.95   4.36
    8     5   32768  262144    381.76   587.5     42.46    419.58   4.36
    8     6   32768  262144    381.44   588.0     42.49    419.47   4.36
    8     7   32768  262144    381.51   587.9     42.47    419.67   4.36
    8     8   32768  262144    381.80   587.5     42.50    419.38   4.36
    8     9   32768  262144    381.41   588.1     42.45    420.07   4.36
    8    10   32768  262144    381.74   587.6     42.48    420.04   4.36
    8    11   32768  262144    381.60   587.8     42.47    419.75   4.36
    8    12   32768  262144    381.73   587.6     42.47    419.54   4.36
    8    13   32768  262144    381.46   588.0     42.44    419.71   4.36
    8    14   32768  262144    381.53   587.9     42.47    420.08   4.36
    8    15   32768  262144    381.73   587.6     42.52    419.96   4.36
    9     0   32768  294912    426.53   587.7     46.02    467.64   4.54
    9     1   32768  294912    426.45   587.9     46.14    468.06   4.54
    9     2   32768  294912    426.48   587.8     46.09    467.86   4.54
    9     3   32768  294912    426.51   587.8     46.12    467.83   4.54
    9     4   32768  294912    426.50   587.8     46.14    467.57   4.54
    9     5   32768  294912    426.62   587.6     46.10    467.92   4.54
    9     6   32768  294912    426.36   588.0     46.13    468.08   4.54
    9     7   32768  294912    426.19   588.2     46.10    467.78   4.54
    9     8   32768  294912    426.28   588.1     46.11    467.84   4.54
    9     9   32768  294912    426.49   587.8     46.12    468.14   4.54
    9    10   32768  294912    426.51   587.8     46.17    468.08   4.54
    9    11   32768  294912    426.59   587.7     46.13    468.32   4.54
    9    12   32768  294912    426.49   587.8     46.11    468.29   4.54
    9    13   32768  294912    426.60   587.6     46.14    467.75   4.54
    9    14   32768  294912    426.43   587.9     46.11    467.85   4.54
    9    15   32768  294912    426.52   587.8     46.09    468.28   4.54
   10     0   32768  327680    471.17   588.1     49.81    516.37   4.73
   10     1   32768  327680    471.34   587.8     49.91    516.69   4.73
   10     2   32768  327680    471.30   587.9     49.89    516.42   4.73
   10     3   32768  327680    471.30   587.9     49.85    516.37   4.73
   10     4   32768  327680    471.24   588.0     49.86    516.24   4.73
   10     5   32768  327680    471.41   587.8     49.88    516.70   4.73
   10     6   32768  327680    471.43   587.7     49.91    516.58   4.73
   10     7   32768  327680    471.38   587.8     49.89    516.72   4.73
   10     8   32768  327680    471.33   587.9     49.89    516.39   4.73
   10     9   32768  327680    471.27   587.9     49.86    516.41   4.73
   10    10   32768  327680    471.48   587.7     49.89    516.69   4.73
   10    11   32768  327680    471.45   587.7     49.88    516.83   4.73
   10    12   32768  327680    471.42   587.7     49.89    516.79   4.73
   10    13   32768  327680    471.33   587.9     49.91    516.68   4.73
   10    14   32768  327680    471.24   588.0     49.87    516.40   4.73
   10    15   32768  327680    471.47   587.7     49.90    516.51   4.73
   11     0   32768  360448    516.22   587.9     53.55    565.01   4.92
   11     1   32768  360448    516.15   587.9     53.56    565.16   4.92
   11     2   32768  360448    516.21   587.9     53.55    565.09   4.92
   11     3   32768  360448    516.39   587.7     53.55    565.37   4.92
   11     4   32768  360448    516.35   587.7     53.56    565.48   4.92
   11     5   32768  360448    516.30   587.8     53.59    565.41   4.92
   11     6   32768  360448    516.32   587.7     53.58    565.27   4.92
   11     7   32768  360448    516.24   587.8     53.55    565.13   4.92
   11     8   32768  360448    516.21   587.9     53.56    565.29   4.92
   11     9   32768  360448    516.23   587.8     53.57    565.24   4.92
   11    10   32768  360448    516.40   587.7     53.56    565.49   4.92
   11    11   32768  360448    516.25   587.8     53.55    565.11   4.92
   11    12   32768  360448    516.03   588.1     53.58    564.81   4.92
   11    13   32768  360448    516.15   587.9     53.57    564.90   4.92
   11    14   32768  360448    516.31   587.8     53.57    565.11   4.92
   11    15   32768  360448    516.02   588.1     53.58    564.74   4.92
   12     0   32768  393216    560.40   588.6     57.16    613.28   5.11
   12     1   32768  393216    560.63   588.4     57.25    613.41   5.11
   12     2   32768  393216    560.30   588.7     57.27    613.30   5.11
   12     3   32768  393216    560.45   588.6     57.29    613.55   5.11
   12     4   32768  393216    560.83   588.2     57.28    613.23   5.11
   12     5   32768  393216    560.34   588.7     57.23    613.08   5.11
   12     6   32768  393216    560.80   588.2     57.24    613.53   5.11
   12     7   32768  393216    560.91   588.1     57.26    613.90   5.11
   12     8   32768  393216    560.78   588.2     57.27    613.52   5.11
   12     9   32768  393216    560.75   588.2     57.27    613.12   5.11
   12    10   32768  393216    560.85   588.1     57.15    613.58   5.11
   12    11   32768  393216    560.70   588.3     57.26    613.70   5.11
   12    12   32768  393216    560.80   588.2     57.30    613.39   5.11
   12    13   32768  393216    560.22   588.8     57.25    613.30   5.11
   12    14   32768  393216    560.60   588.4     57.27    613.69   5.11
   12    15   32768  393216    560.72   588.3     57.25    613.29   5.11
   13     0   20351  425984    376.47   579.4     56.48    430.03   4.44
   13     1   20351  425984    376.06   580.1     56.63    429.73   4.44
   13     2   20351  425984    375.94   580.3     56.61    429.56   4.44
   13     3   20351  425984    375.67   580.7     56.63    429.43   4.44
   13     4   20351  425984    375.64   580.7     56.55    429.51   4.44
   13     5   20351  425984    375.55   580.9     56.66    429.58   4.44
   13     6   20351  425984    375.65   580.7     56.61    429.51   4.44
   13     7   20351  425984    375.43   581.0     56.64    429.23   4.44
   13     8   20351  425984    375.33   581.2     56.60    429.35   4.44
   13     9   20351  425984    375.42   581.1     56.62    429.10   4.44
   13    10   20351  425984    375.41   581.1     56.63    429.23   4.44
   13    11   20351  425984    375.45   581.0     56.60    429.26   4.44
   13    12   20351  425984    375.50   580.9     56.65    429.27   4.44
   13    13   20351  425984    375.35   581.2     56.61    429.02   4.44
   13    14   20351  425984    375.23   581.4     56.60    429.34   4.44
   13    15   20351  425984    375.25   581.3     56.60    429.07   4.44

schedule aggregate over 14 chunk(s) x 16 layers (fully measured):
  preprocessing : 8.21 s   <-- the disputed number
  core          : 66.71 s   (587.1 TF/s)
  inclusive     : 74.23 s   (527.7 TF/s honest)

wrote bench/results/120-20260830T003408Z-candidate-zero-schedule.json
sha256 73df82538a9109d9aa860429cdec5223c5efaaa2944cc444938661561d97d568
=== [3/4] per-chunk high-repetition view ===
Sun Aug 30 00:34:09 UTC 2026
device : NVIDIA RTX PRO 6000 Blackwell Server Edition sm12.0 188 SMs, 94.4 GiB free
profile: d256-24x4-446k  cases_sha256=2621651e58b75ef1…
lanes  : preprocessing / core / inclusive  (cuda_events, warm-L2, eager)
plan   : 14 chunk(s) x 1 layer seed(s)
compiling kernel (JIT, ~1 min cold) ...

chunk layer   q_len  prefix   core ms    TF/s  quant ms   incl ms    GiB
------------------------------------------------------------------------
    0     0   32768       0     23.09   571.4     12.94     36.02   2.85
    1     0   32768   32768     68.04   581.8     16.67     83.68   3.04
    2     0   32768   65536    112.90   584.3     20.30    131.50   3.23
    3     0   32768   98304    157.54   586.3     24.08    179.40   3.42
    4     0   32768  131072    202.45   586.5     27.74    227.15   3.60
    5     0   32768  163840    247.23   587.0     31.31    274.84   3.79
    6     0   32768  196608    292.22   587.0     35.11    324.08   3.98
    7     0   32768  229376    337.42   586.5     38.74    372.69   4.17
    8     0   32768  262144    382.56   586.3     42.25    421.28   4.36
    9     0   32768  294912    427.57   586.3     46.01    469.18   4.54
   10     0   32768  327680    472.53   586.4     49.80    517.79   4.73
   11     0   32768  360448    517.58   586.3     53.54    566.49   4.92
   12     0   32768  393216    562.30   586.6     57.17    614.93   5.11
   13     0   20351  425984    377.93   577.2     56.42    431.42   4.44

schedule aggregate over 14 chunk(s) x 16 layers (extrapolated from 1 seed(s)):
  preprocessing : 8.19 s   <-- the disputed number
  core          : 66.90 s   (585.4 TF/s)
  inclusive     : 74.41 s   (526.4 TF/s honest)

wrote bench/results/120-20260830T003722Z-candidate-zero-perchunk.json
sha256 e27d5f1372be4d51d7321d53eceb9e938d52ff63a2b343b5bdddc3471c138cea
=== [4/4] environment close-out ===
2422 MHz, 61, 413.72 W, 600.00 W
Sun Aug 30 00:37:23 UTC 2026
SESSION SCRIPT COMPLETE
